// Jest Snapshot v1, https://goo.gl/fbAQLP

exports[`<LandingText /> renders Landing Text 1`] = `
<DocumentFragment>
  <div
    class="landing-text-container"
  >
    <div
      class="landing-text"
    >
      <p>
        Landing Text: Lorem ipsum dolor sit amet, consectetur adipiscing elit, sed do eiusmod tempor incididunt ut labore et dolore magna aliqua. Pellentesque dignissim enim sit amet venenatis urna cursus eget nunc.
      </p>
    </div>
  </div>
</DocumentFragment>
`;
