// Jest Snapshot v1, https://goo.gl/fbAQLP

exports[`<ForgotPassModal /> renders Forgot Password Modal 1`] = `
<DocumentFragment>
  <div
    class="backdrop"
  >
    <div
      class="modal"
    >
      <span
        class="close-icon"
      >
        <svg
          aria-hidden="true"
          class="MuiSvgIcon-root-1"
          focusable="false"
          id="close"
          role="presentation"
          viewBox="0 0 24 24"
        >
          <path
            d="M19 6.41L17.59 5 12 10.59 6.41 5 5 6.41 10.59 12 5 17.59 6.41 19 12 13.41 17.59 19 19 17.59 13.41 12z"
          />
          <path
            d="M0 0h24v24H0z"
            fill="none"
          />
        </svg>
      </span>
      <h1
        class="modal-title"
      >
        Reset Password
      </h1>
      <form
        class="password-form"
      >
        <input
          class="signin-input"
          name="email"
          placeholder="email"
          required=""
          type="email"
          value=""
        />
        <button
          class="password-btn"
          type="submit"
        >
          Reset password
        </button>
      </form>
    </div>
  </div>
</DocumentFragment>
`;
