// Jest Snapshot v1, https://goo.gl/fbAQLP

exports[`<SignUpForm /> renders Sign Up Form Component 1`] = `
<DocumentFragment>
  <form
    class="signup-form"
  >
    <label
      class="signup-form-group"
      for="email"
    >
      <svg
        aria-hidden="true"
        class="MuiSvgIcon-root-1 signup-icon"
        focusable="false"
        role="presentation"
        viewBox="0 0 24 24"
      >
        <path
          d="M20 4H4c-1.1 0-1.99.9-1.99 2L2 18c0 1.1.9 2 2 2h16c1.1 0 2-.9 2-2V6c0-1.1-.9-2-2-2zm0 4l-8 5-8-5V6l8 5 8-5v2z"
        />
        <path
          d="M0 0h24v24H0z"
          fill="none"
        />
      </svg>
      <input
        class="signin-input"
        id="email"
        name="email"
        placeholder="email"
        type="text"
        value=""
      />
    </label>
    <label
      class="signup-form-group"
      for="firstName"
    >
      <svg
        aria-hidden="true"
        class="MuiSvgIcon-root-1 signup-icon"
        focusable="false"
        role="presentation"
        viewBox="0 0 24 24"
      >
        <path
          d="M3 5v14c0 1.1.89 2 2 2h14c1.1 0 2-.9 2-2V5c0-1.1-.9-2-2-2H5c-1.11 0-2 .9-2 2zm12 4c0 1.66-1.34 3-3 3s-3-1.34-3-3 1.34-3 3-3 3 1.34 3 3zm-9 8c0-2 4-3.1 6-3.1s6 1.1 6 3.1v1H6v-1z"
        />
        <path
          d="M0 0h24v24H0z"
          fill="none"
        />
      </svg>
      <input
        class="signin-input"
        id="firstName"
        name="firstName"
        placeholder="first name"
        type="text"
        value=""
      />
    </label>
    <label
      class="signup-form-group"
      for="lastName"
    >
      <svg
        aria-hidden="true"
        class="MuiSvgIcon-root-1 signup-icon"
        focusable="false"
        role="presentation"
        viewBox="0 0 24 24"
      >
        <path
          d="M0 0h24v24H0z"
          fill="none"
        />
        <path
          d="M19 3h-4.18C14.4 1.84 13.3 1 12 1c-1.3 0-2.4.84-2.82 2H5c-1.1 0-2 .9-2 2v14c0 1.1.9 2 2 2h14c1.1 0 2-.9 2-2V5c0-1.1-.9-2-2-2zm-7 0c.55 0 1 .45 1 1s-.45 1-1 1-1-.45-1-1 .45-1 1-1zm0 4c1.66 0 3 1.34 3 3s-1.34 3-3 3-3-1.34-3-3 1.34-3 3-3zm6 12H6v-1.4c0-2 4-3.1 6-3.1s6 1.1 6 3.1V19z"
        />
      </svg>
      <input
        class="signin-input"
        id="lastName"
        name="lastName"
        placeholder="last name"
        type="text"
        value=""
      />
    </label>
    <label
      class="signup-form-group"
      for="phone"
    >
      <svg
        aria-hidden="true"
        class="MuiSvgIcon-root-1 signup-icon"
        focusable="false"
        role="presentation"
        viewBox="0 0 24 24"
      >
        <path
          d="M0 0h24v24H0z"
          fill="none"
        />
        <path
          d="M6.62 10.79c1.44 2.83 3.76 5.14 6.59 6.59l2.2-2.2c.27-.27.67-.36 1.02-.24 1.12.37 2.33.57 3.57.57.55 0 1 .45 1 1V20c0 .55-.45 1-1 1-9.39 0-17-7.61-17-17 0-.55.45-1 1-1h3.5c.55 0 1 .45 1 1 0 1.25.2 2.45.57 3.57.11.35.03.74-.25 1.02l-2.2 2.2z"
        />
      </svg>
      <input
        class="signin-input"
        id="phone"
        name="phone"
        placeholder="phone number"
        type="text"
        value=""
      />
    </label>
    <label
      class="signup-form-group"
      for="password"
    >
      <svg
        aria-hidden="true"
        class="MuiSvgIcon-root-1 signup-icon"
        focusable="false"
        role="presentation"
        viewBox="0 0 24 24"
      >
        <path
          d="M0 0h24v24H0z"
          fill="none"
        />
        <path
          d="M12 17c1.1 0 2-.9 2-2s-.9-2-2-2-2 .9-2 2 .9 2 2 2zm6-9h-1V6c0-2.76-2.24-5-5-5S7 3.24 7 6h1.9c0-1.71 1.39-3.1 3.1-3.1 1.71 0 3.1 1.39 3.1 3.1v2H6c-1.1 0-2 .9-2 2v10c0 1.1.9 2 2 2h12c1.1 0 2-.9 2-2V10c0-1.1-.9-2-2-2zm0 12H6V10h12v10z"
        />
      </svg>
      <input
        class="signin-input"
        id="password"
        name="password"
        placeholder="password"
        type="password"
        value=""
      />
    </label>
    <label
      class="signup-form-group"
      for="password2"
    >
      <svg
        aria-hidden="true"
        class="MuiSvgIcon-root-1 signup-icon"
        focusable="false"
        role="presentation"
        viewBox="0 0 24 24"
      >
        <path
          d="M0 0h24v24H0z"
          fill="none"
        />
        <path
          d="M18 8h-1V6c0-2.76-2.24-5-5-5S7 3.24 7 6v2H6c-1.1 0-2 .9-2 2v10c0 1.1.9 2 2 2h12c1.1 0 2-.9 2-2V10c0-1.1-.9-2-2-2zm-6 9c-1.1 0-2-.9-2-2s.9-2 2-2 2 .9 2 2-.9 2-2 2zm3.1-9H8.9V6c0-1.71 1.39-3.1 3.1-3.1 1.71 0 3.1 1.39 3.1 3.1v2z"
        />
      </svg>
      <input
        class="signin-input"
        id="password2"
        name="password2"
        placeholder="password"
        type="password"
        value=""
      />
    </label>
    <button
      class="authentication-btns register-btn"
      type="submit"
    >
      Register
    </button>
  </form>
</DocumentFragment>
`;
