// Jest Snapshot v1, https://goo.gl/fbAQLP

exports[`<PasswordResetView /> renders Password Reset view 1`] = `
<DocumentFragment>
  <section>
    Password Reset view
  </section>
</DocumentFragment>
`;
