// Jest Snapshot v1, https://goo.gl/fbAQLP

exports[`<InvoiceCard /> renders Invoice Card 1`] = `
<DocumentFragment>
  <article
    class="invoice-card paid"
  >
    <h3>
      0
    </h3>
    <p>
      testing invoice card
    </p>
  </article>
</DocumentFragment>
`;
